<?xml version="1.0" encoding="UTF-8"?>
<TestRun id="02276747-24e6-471d-ab84-e4221d9fcb44" name="raghug@RAGHUGDDSK8R 2012-04-29 18:00:51" runUser="REDMOND\raghug" xmlns="http://microsoft.com/schemas/VisualStudio/TeamTest/2010">
  <TestSettings name="Local" id="0a033359-9003-4ffc-8645-7fa61a9369c1">
    <Description>These are default test settings for a local test run.</Description>
    <Deployment enabled="false" runDeploymentRoot="raghug_RAGHUGDDSK8R 2012-04-29 18_00_51">
      <DeploymentItem filename="C:\mydev\Incyte\BusinessLayer\bin\Debug\BusinessLayer.dll" />
      <DeploymentItem filename="C:\mydev\Incyte\ResourceLayer\bin\Debug\ResourceLayer.dll" />
    </Deployment>
    <Execution>
      <TestTypeSpecific />
      <AgentRule name="Execution Agents">
      </AgentRule>
    </Execution>
  </TestSettings>
  <Times creation="2012-04-29T18:00:51.3997022-07:00" queuing="2012-04-29T18:00:53.6909313-07:00" start="2012-04-29T18:00:53.8949517-07:00" finish="2012-04-29T18:01:23.0568676-07:00" />
  <ResultSummary outcome="Error">
    <Counters total="17" executed="11" passed="10" error="0" failed="0" timeout="0" aborted="1" inconclusive="0" passedButRunAborted="0" notRunnable="0" notExecuted="6" disconnected="0" warning="0" completed="0" inProgress="0" pending="0" />
    <RunInfos>
      <RunInfo computerName="RAGHUGDDSK8R" outcome="Error" timestamp="2012-04-29T18:01:23.0538673-07:00">
        <Text>Test host process exited unexpectedly.</Text>
      </RunInfo>
    </RunInfos>
  </ResultSummary>
  <TestDefinitions>
    <UnitTest name="RevertInterestFail" storage="c:\mydev\incyte\test\bin\debug\test.dll" id="18056dad-9179-f403-55c3-5e1268fa1b27">
      <Execution id="719250cd-8ae9-44d1-88a5-58d08c122773" />
      <TestMethod codeBase="C:/mydev/Incyte/Test/bin/Debug/Test.DLL" adapterTypeName="Microsoft.VisualStudio.TestTools.TestTypes.Unit.UnitTestAdapter, Microsoft.VisualStudio.QualityTools.Tips.UnitTest.Adapter, Version=10.0.0.0, Culture=neutral, PublicKeyToken=b03f5f7f11d50a3a" className="Test.UserServiceTest, Test, Version=1.0.0.0, Culture=neutral, PublicKeyToken=null" name="RevertInterestFail" />
    </UnitTest>
    <UnitTest name="UserInfoCreateDB" storage="c:\mydev\incyte\test\bin\debug\test.dll" id="f9ab5fc8-03a3-f296-790c-13d47ef8153f">
      <Execution id="3cd00f4f-b9db-46ca-b789-249c9e10007b" />
      <TestMethod codeBase="C:/mydev/Incyte/Test/bin/Debug/Test.DLL" adapterTypeName="Microsoft.VisualStudio.TestTools.TestTypes.Unit.UnitTestAdapter, Microsoft.VisualStudio.QualityTools.Tips.UnitTest.Adapter, Version=10.0.0.0, Culture=neutral, PublicKeyToken=b03f5f7f11d50a3a" className="Test.UserServiceTestDB, Test, Version=1.0.0.0, Culture=neutral, PublicKeyToken=null" name="UserInfoCreateDB" />
    </UnitTest>
    <UnitTest name="Hangup" storage="c:\mydev\incyte\test\bin\debug\test.dll" id="bb01bdb4-8334-c16a-f8c2-ae73eedf59ac">
      <Execution id="f07393e9-943b-413c-aa2c-1245cbb5fe64" />
      <TestMethod codeBase="C:/mydev/Incyte/Test/bin/Debug/Test.DLL" adapterTypeName="Microsoft.VisualStudio.TestTools.TestTypes.Unit.UnitTestAdapter, Microsoft.VisualStudio.QualityTools.Tips.UnitTest.Adapter, Version=10.0.0.0, Culture=neutral, PublicKeyToken=b03f5f7f11d50a3a" className="Test.UserServiceTest, Test, Version=1.0.0.0, Culture=neutral, PublicKeyToken=null" name="Hangup" />
    </UnitTest>
    <UnitTest name="VisibleProfilesGet" storage="c:\mydev\incyte\test\bin\debug\test.dll" id="ad319be6-93f1-2ef3-dab6-9a5334b91a17">
      <Execution id="c5299b5f-e70c-4c37-b15d-99b09cf0dd24" />
      <TestMethod codeBase="C:/mydev/Incyte/Test/bin/Debug/Test.DLL" adapterTypeName="Microsoft.VisualStudio.TestTools.TestTypes.Unit.UnitTestAdapter, Microsoft.VisualStudio.QualityTools.Tips.UnitTest.Adapter, Version=10.0.0.0, Culture=neutral, PublicKeyToken=b03f5f7f11d50a3a" className="Test.UserServiceTest, Test, Version=1.0.0.0, Culture=neutral, PublicKeyToken=null" name="VisibleProfilesGet" />
    </UnitTest>
    <UnitTest name="UserInfoFemaleCreateDB" storage="c:\mydev\incyte\test\bin\debug\test.dll" id="ffa14a88-2b0f-087b-2a81-cf125abdf1e1">
      <Execution id="d38813e1-364c-41e1-866b-eef142794016" />
      <TestMethod codeBase="C:/mydev/Incyte/Test/bin/Debug/Test.DLL" adapterTypeName="Microsoft.VisualStudio.TestTools.TestTypes.Unit.UnitTestAdapter, Microsoft.VisualStudio.QualityTools.Tips.UnitTest.Adapter, Version=10.0.0.0, Culture=neutral, PublicKeyToken=b03f5f7f11d50a3a" className="Test.UserServiceTestDB, Test, Version=1.0.0.0, Culture=neutral, PublicKeyToken=null" name="UserInfoFemaleCreateDB" />
    </UnitTest>
    <UnitTest name="UserLoginCreateDB" storage="c:\mydev\incyte\test\bin\debug\test.dll" id="12fac4e0-69ff-0457-3c20-7fc9b8977a24">
      <Execution id="194ce3d0-6cbc-48e9-9f4c-ebf5ebac16fd" />
      <TestMethod codeBase="C:/mydev/Incyte/Test/bin/Debug/Test.DLL" adapterTypeName="Microsoft.VisualStudio.TestTools.TestTypes.Unit.UnitTestAdapter, Microsoft.VisualStudio.QualityTools.Tips.UnitTest.Adapter, Version=10.0.0.0, Culture=neutral, PublicKeyToken=b03f5f7f11d50a3a" className="Test.UserServiceTestDB, Test, Version=1.0.0.0, Culture=neutral, PublicKeyToken=null" name="UserLoginCreateDB" />
    </UnitTest>
    <UnitTest name="GetVisibleProfilesDB" storage="c:\mydev\incyte\test\bin\debug\test.dll" id="501fc62f-cfb2-979c-272b-06db7780a4be">
      <Execution id="dda55049-5058-4af2-ad3b-07084b53d613" />
      <TestMethod codeBase="C:/mydev/Incyte/Test/bin/Debug/Test.DLL" adapterTypeName="Microsoft.VisualStudio.TestTools.TestTypes.Unit.UnitTestAdapter, Microsoft.VisualStudio.QualityTools.Tips.UnitTest.Adapter, Version=10.0.0.0, Culture=neutral, PublicKeyToken=b03f5f7f11d50a3a" className="Test.UserServiceTestDB, Test, Version=1.0.0.0, Culture=neutral, PublicKeyToken=null" name="GetVisibleProfilesDB" />
    </UnitTest>
    <UnitTest name="CheckoutCreateDB" storage="c:\mydev\incyte\test\bin\debug\test.dll" id="11ef5593-333e-be35-d461-00effd8ef353">
      <Execution id="bbfdb313-ee7a-49f7-bebf-9f1216ac81c0" />
      <TestMethod codeBase="C:/mydev/Incyte/Test/bin/Debug/Test.DLL" adapterTypeName="Microsoft.VisualStudio.TestTools.TestTypes.Unit.UnitTestAdapter, Microsoft.VisualStudio.QualityTools.Tips.UnitTest.Adapter, Version=10.0.0.0, Culture=neutral, PublicKeyToken=b03f5f7f11d50a3a" className="Test.UserServiceTestDB, Test, Version=1.0.0.0, Culture=neutral, PublicKeyToken=null" name="CheckoutCreateDB" />
    </UnitTest>
    <UnitTest name="BusinessGetWithMock" storage="c:\mydev\incyte\test\bin\debug\test.dll" id="27efbd9f-8ccb-47bc-3631-9e1f574da0ed">
      <Execution id="5e287e67-2160-4bb4-8a96-a83bf83edffe" />
      <TestMethod codeBase="C:/mydev/Incyte/Test/bin/Debug/Test.DLL" adapterTypeName="Microsoft.VisualStudio.TestTools.TestTypes.Unit.UnitTestAdapter, Microsoft.VisualStudio.QualityTools.Tips.UnitTest.Adapter, Version=10.0.0.0, Culture=neutral, PublicKeyToken=b03f5f7f11d50a3a" className="Test.BusinessServiceTest, Test, Version=1.0.0.0, Culture=neutral, PublicKeyToken=null" name="BusinessGetWithMock" />
    </UnitTest>
    <UnitTest name="BusinessGetWithDB" storage="c:\mydev\incyte\test\bin\debug\test.dll" id="a326f777-49b1-c27d-14ef-d9db5992cda0">
      <Execution id="4cf167e2-1f05-4725-a1bc-e2355d6e1f35" />
      <TestMethod codeBase="C:/mydev/Incyte/Test/bin/Debug/Test.DLL" adapterTypeName="Microsoft.VisualStudio.TestTools.TestTypes.Unit.UnitTestAdapter, Microsoft.VisualStudio.QualityTools.Tips.UnitTest.Adapter, Version=10.0.0.0, Culture=neutral, PublicKeyToken=b03f5f7f11d50a3a" className="Test.BusinessServiceTest, Test, Version=1.0.0.0, Culture=neutral, PublicKeyToken=null" name="BusinessGetWithDB" />
    </UnitTest>
    <UnitTest name="HangupFail" storage="c:\mydev\incyte\test\bin\debug\test.dll" id="e70d4088-3756-d06d-0435-266d8121c377">
      <Execution id="3a2f1827-7174-46ca-a19f-57531e642d9d" />
      <TestMethod codeBase="C:/mydev/Incyte/Test/bin/Debug/Test.DLL" adapterTypeName="Microsoft.VisualStudio.TestTools.TestTypes.Unit.UnitTestAdapter, Microsoft.VisualStudio.QualityTools.Tips.UnitTest.Adapter, Version=10.0.0.0, Culture=neutral, PublicKeyToken=b03f5f7f11d50a3a" className="Test.UserServiceTest, Test, Version=1.0.0.0, Culture=neutral, PublicKeyToken=null" name="HangupFail" />
    </UnitTest>
    <UnitTest name="RevertInterest" storage="c:\mydev\incyte\test\bin\debug\test.dll" id="8e11be20-dcc8-b441-0e20-33077a5da162">
      <Execution id="bc8e6b6c-3a02-4147-897f-7b9900c9b6bd" />
      <TestMethod codeBase="C:/mydev/Incyte/Test/bin/Debug/Test.DLL" adapterTypeName="Microsoft.VisualStudio.TestTools.TestTypes.Unit.UnitTestAdapter, Microsoft.VisualStudio.QualityTools.Tips.UnitTest.Adapter, Version=10.0.0.0, Culture=neutral, PublicKeyToken=b03f5f7f11d50a3a" className="Test.UserServiceTest, Test, Version=1.0.0.0, Culture=neutral, PublicKeyToken=null" name="RevertInterest" />
    </UnitTest>
    <UnitTest name="CheckoutCreate" storage="c:\mydev\incyte\test\bin\debug\test.dll" id="f26afacb-9289-ac6c-38a7-7645a59c772b">
      <Execution id="d0017bf0-fbb5-43b4-b7d9-df53d39bf220" />
      <TestMethod codeBase="C:/mydev/Incyte/Test/bin/Debug/Test.DLL" adapterTypeName="Microsoft.VisualStudio.TestTools.TestTypes.Unit.UnitTestAdapter, Microsoft.VisualStudio.QualityTools.Tips.UnitTest.Adapter, Version=10.0.0.0, Culture=neutral, PublicKeyToken=b03f5f7f11d50a3a" className="Test.UserServiceTest, Test, Version=1.0.0.0, Culture=neutral, PublicKeyToken=null" name="CheckoutCreate" />
    </UnitTest>
    <UnitTest name="CheckinCreate" storage="c:\mydev\incyte\test\bin\debug\test.dll" id="79f1ffd3-6454-fadb-42ed-47e3b37f87ec">
      <Execution id="58e503a4-2eab-45ae-aa46-e3e4b6ce2370" />
      <TestMethod codeBase="C:/mydev/Incyte/Test/bin/Debug/Test.DLL" adapterTypeName="Microsoft.VisualStudio.TestTools.TestTypes.Unit.UnitTestAdapter, Microsoft.VisualStudio.QualityTools.Tips.UnitTest.Adapter, Version=10.0.0.0, Culture=neutral, PublicKeyToken=b03f5f7f11d50a3a" className="Test.UserServiceTest, Test, Version=1.0.0.0, Culture=neutral, PublicKeyToken=null" name="CheckinCreate" />
    </UnitTest>
    <UnitTest name="ShowInterestFail" storage="c:\mydev\incyte\test\bin\debug\test.dll" id="0245c92a-89ea-c8dd-19f2-548a9ed0c8f6">
      <Execution id="7606508f-7f8c-416a-8841-f1a83d4889d0" />
      <TestMethod codeBase="C:/mydev/Incyte/Test/bin/Debug/Test.DLL" adapterTypeName="Microsoft.VisualStudio.TestTools.TestTypes.Unit.UnitTestAdapter, Microsoft.VisualStudio.QualityTools.Tips.UnitTest.Adapter, Version=10.0.0.0, Culture=neutral, PublicKeyToken=b03f5f7f11d50a3a" className="Test.UserServiceTest, Test, Version=1.0.0.0, Culture=neutral, PublicKeyToken=null" name="ShowInterestFail" />
    </UnitTest>
    <UnitTest name="ShowInterest" storage="c:\mydev\incyte\test\bin\debug\test.dll" id="3eb1e12c-9c03-8f26-5c42-7f1f24c9bbfc">
      <Execution id="6dd96e17-6730-450c-a3db-7feaea4f296e" />
      <TestMethod codeBase="C:/mydev/Incyte/Test/bin/Debug/Test.DLL" adapterTypeName="Microsoft.VisualStudio.TestTools.TestTypes.Unit.UnitTestAdapter, Microsoft.VisualStudio.QualityTools.Tips.UnitTest.Adapter, Version=10.0.0.0, Culture=neutral, PublicKeyToken=b03f5f7f11d50a3a" className="Test.UserServiceTest, Test, Version=1.0.0.0, Culture=neutral, PublicKeyToken=null" name="ShowInterest" />
    </UnitTest>
    <UnitTest name="CheckinCreateDB" storage="c:\mydev\incyte\test\bin\debug\test.dll" id="3f43c904-aa29-9c6c-e659-5a7c08592202">
      <Execution id="0c9182d5-b58f-42e0-a4e4-b4f65d72d9f1" />
      <TestMethod codeBase="C:/mydev/Incyte/Test/bin/Debug/Test.DLL" adapterTypeName="Microsoft.VisualStudio.TestTools.TestTypes.Unit.UnitTestAdapter, Microsoft.VisualStudio.QualityTools.Tips.UnitTest.Adapter, Version=10.0.0.0, Culture=neutral, PublicKeyToken=b03f5f7f11d50a3a" className="Test.UserServiceTestDB, Test, Version=1.0.0.0, Culture=neutral, PublicKeyToken=null" name="CheckinCreateDB" />
    </UnitTest>
  </TestDefinitions>
  <TestLists>
    <TestList name="Results Not in a List" id="8c84fa94-04c1-424b-9868-57a2d4851a1d" />
    <TestList name="All Loaded Results" id="19431567-8539-422a-85d7-44ee4e166bda" />
  </TestLists>
  <TestEntries>
    <TestEntry testId="0245c92a-89ea-c8dd-19f2-548a9ed0c8f6" executionId="7606508f-7f8c-416a-8841-f1a83d4889d0" testListId="8c84fa94-04c1-424b-9868-57a2d4851a1d" />
    <TestEntry testId="11ef5593-333e-be35-d461-00effd8ef353" executionId="bbfdb313-ee7a-49f7-bebf-9f1216ac81c0" testListId="8c84fa94-04c1-424b-9868-57a2d4851a1d" />
    <TestEntry testId="12fac4e0-69ff-0457-3c20-7fc9b8977a24" executionId="194ce3d0-6cbc-48e9-9f4c-ebf5ebac16fd" testListId="8c84fa94-04c1-424b-9868-57a2d4851a1d" />
    <TestEntry testId="18056dad-9179-f403-55c3-5e1268fa1b27" executionId="719250cd-8ae9-44d1-88a5-58d08c122773" testListId="8c84fa94-04c1-424b-9868-57a2d4851a1d" />
    <TestEntry testId="27efbd9f-8ccb-47bc-3631-9e1f574da0ed" executionId="5e287e67-2160-4bb4-8a96-a83bf83edffe" testListId="8c84fa94-04c1-424b-9868-57a2d4851a1d" />
    <TestEntry testId="3eb1e12c-9c03-8f26-5c42-7f1f24c9bbfc" executionId="6dd96e17-6730-450c-a3db-7feaea4f296e" testListId="8c84fa94-04c1-424b-9868-57a2d4851a1d" />
    <TestEntry testId="3f43c904-aa29-9c6c-e659-5a7c08592202" executionId="0c9182d5-b58f-42e0-a4e4-b4f65d72d9f1" testListId="8c84fa94-04c1-424b-9868-57a2d4851a1d" />
    <TestEntry testId="501fc62f-cfb2-979c-272b-06db7780a4be" executionId="dda55049-5058-4af2-ad3b-07084b53d613" testListId="8c84fa94-04c1-424b-9868-57a2d4851a1d" />
    <TestEntry testId="79f1ffd3-6454-fadb-42ed-47e3b37f87ec" executionId="58e503a4-2eab-45ae-aa46-e3e4b6ce2370" testListId="8c84fa94-04c1-424b-9868-57a2d4851a1d" />
    <TestEntry testId="8e11be20-dcc8-b441-0e20-33077a5da162" executionId="bc8e6b6c-3a02-4147-897f-7b9900c9b6bd" testListId="8c84fa94-04c1-424b-9868-57a2d4851a1d" />
    <TestEntry testId="a326f777-49b1-c27d-14ef-d9db5992cda0" executionId="4cf167e2-1f05-4725-a1bc-e2355d6e1f35" testListId="8c84fa94-04c1-424b-9868-57a2d4851a1d" />
    <TestEntry testId="ad319be6-93f1-2ef3-dab6-9a5334b91a17" executionId="c5299b5f-e70c-4c37-b15d-99b09cf0dd24" testListId="8c84fa94-04c1-424b-9868-57a2d4851a1d" />
    <TestEntry testId="bb01bdb4-8334-c16a-f8c2-ae73eedf59ac" executionId="f07393e9-943b-413c-aa2c-1245cbb5fe64" testListId="8c84fa94-04c1-424b-9868-57a2d4851a1d" />
    <TestEntry testId="e70d4088-3756-d06d-0435-266d8121c377" executionId="3a2f1827-7174-46ca-a19f-57531e642d9d" testListId="8c84fa94-04c1-424b-9868-57a2d4851a1d" />
    <TestEntry testId="f26afacb-9289-ac6c-38a7-7645a59c772b" executionId="d0017bf0-fbb5-43b4-b7d9-df53d39bf220" testListId="8c84fa94-04c1-424b-9868-57a2d4851a1d" />
    <TestEntry testId="f9ab5fc8-03a3-f296-790c-13d47ef8153f" executionId="3cd00f4f-b9db-46ca-b789-249c9e10007b" testListId="8c84fa94-04c1-424b-9868-57a2d4851a1d" />
    <TestEntry testId="ffa14a88-2b0f-087b-2a81-cf125abdf1e1" executionId="d38813e1-364c-41e1-866b-eef142794016" testListId="8c84fa94-04c1-424b-9868-57a2d4851a1d" />
  </TestEntries>
  <Results>
    <UnitTestResult executionId="7606508f-7f8c-416a-8841-f1a83d4889d0" testId="0245c92a-89ea-c8dd-19f2-548a9ed0c8f6" testName="ShowInterestFail" computerName="RAGHUGDDSK8R" duration="00:00:00.0361737" startTime="2012-04-29T18:00:54.0359658-07:00" endTime="2012-04-29T18:00:57.0172639-07:00" testType="13cdc9d9-ddb5-4fa4-a97d-d965ccfc6d4b" outcome="Passed" testListId="8c84fa94-04c1-424b-9868-57a2d4851a1d" relativeResultsDirectory="7606508f-7f8c-416a-8841-f1a83d4889d0">
    </UnitTestResult>
    <UnitTestResult executionId="bbfdb313-ee7a-49f7-bebf-9f1216ac81c0" testId="11ef5593-333e-be35-d461-00effd8ef353" testName="CheckoutCreateDB" computerName="RAGHUGDDSK8R" duration="00:00:00.3167417" startTime="2012-04-29T18:00:57.0972719-07:00" endTime="2012-04-29T18:00:57.4633085-07:00" testType="13cdc9d9-ddb5-4fa4-a97d-d965ccfc6d4b" outcome="Passed" testListId="8c84fa94-04c1-424b-9868-57a2d4851a1d" relativeResultsDirectory="bbfdb313-ee7a-49f7-bebf-9f1216ac81c0">
    </UnitTestResult>
    <UnitTestResult executionId="194ce3d0-6cbc-48e9-9f4c-ebf5ebac16fd" testId="12fac4e0-69ff-0457-3c20-7fc9b8977a24" testName="UserLoginCreateDB" computerName="RAGHUGDDSK8R" duration="00:00:00.0011956" startTime="2012-04-29T18:00:57.4813103-07:00" endTime="2012-04-29T18:00:57.5453167-07:00" testType="13cdc9d9-ddb5-4fa4-a97d-d965ccfc6d4b" outcome="Passed" testListId="8c84fa94-04c1-424b-9868-57a2d4851a1d" relativeResultsDirectory="194ce3d0-6cbc-48e9-9f4c-ebf5ebac16fd">
    </UnitTestResult>
    <UnitTestResult executionId="719250cd-8ae9-44d1-88a5-58d08c122773" testId="18056dad-9179-f403-55c3-5e1268fa1b27" testName="RevertInterestFail" computerName="RAGHUGDDSK8R" duration="00:00:00.0004885" startTime="2012-04-29T18:00:57.5973219-07:00" endTime="2012-04-29T18:00:57.6163238-07:00" testType="13cdc9d9-ddb5-4fa4-a97d-d965ccfc6d4b" outcome="Passed" testListId="8c84fa94-04c1-424b-9868-57a2d4851a1d" relativeResultsDirectory="719250cd-8ae9-44d1-88a5-58d08c122773">
    </UnitTestResult>
    <UnitTestResult executionId="5e287e67-2160-4bb4-8a96-a83bf83edffe" testId="27efbd9f-8ccb-47bc-3631-9e1f574da0ed" testName="BusinessGetWithMock" computerName="RAGHUGDDSK8R" duration="00:00:00.4403004" startTime="2012-04-29T18:00:57.6323254-07:00" endTime="2012-04-29T18:00:58.0863708-07:00" testType="13cdc9d9-ddb5-4fa4-a97d-d965ccfc6d4b" outcome="Passed" testListId="8c84fa94-04c1-424b-9868-57a2d4851a1d" relativeResultsDirectory="5e287e67-2160-4bb4-8a96-a83bf83edffe">
    </UnitTestResult>
    <UnitTestResult executionId="6dd96e17-6730-450c-a3db-7feaea4f296e" testId="3eb1e12c-9c03-8f26-5c42-7f1f24c9bbfc" testName="ShowInterest" computerName="RAGHUGDDSK8R" duration="00:00:00.0005682" startTime="2012-04-29T18:00:58.1023724-07:00" endTime="2012-04-29T18:00:58.1183740-07:00" testType="13cdc9d9-ddb5-4fa4-a97d-d965ccfc6d4b" outcome="Passed" testListId="8c84fa94-04c1-424b-9868-57a2d4851a1d" relativeResultsDirectory="6dd96e17-6730-450c-a3db-7feaea4f296e">
    </UnitTestResult>
    <UnitTestResult executionId="0c9182d5-b58f-42e0-a4e4-b4f65d72d9f1" testId="3f43c904-aa29-9c6c-e659-5a7c08592202" testName="CheckinCreateDB" computerName="RAGHUGDDSK8R" duration="00:00:00.0289884" startTime="2012-04-29T18:00:58.1363758-07:00" endTime="2012-04-29T18:00:58.1803802-07:00" testType="13cdc9d9-ddb5-4fa4-a97d-d965ccfc6d4b" outcome="Passed" testListId="8c84fa94-04c1-424b-9868-57a2d4851a1d" relativeResultsDirectory="0c9182d5-b58f-42e0-a4e4-b4f65d72d9f1">
    </UnitTestResult>
    <UnitTestResult executionId="dda55049-5058-4af2-ad3b-07084b53d613" testId="501fc62f-cfb2-979c-272b-06db7780a4be" testName="GetVisibleProfilesDB" computerName="RAGHUGDDSK8R" duration="00:00:00.0143225" startTime="2012-04-29T18:00:58.1973819-07:00" endTime="2012-04-29T18:00:58.2263848-07:00" testType="13cdc9d9-ddb5-4fa4-a97d-d965ccfc6d4b" outcome="Passed" testListId="8c84fa94-04c1-424b-9868-57a2d4851a1d" relativeResultsDirectory="dda55049-5058-4af2-ad3b-07084b53d613">
    </UnitTestResult>
    <UnitTestResult executionId="58e503a4-2eab-45ae-aa46-e3e4b6ce2370" testId="79f1ffd3-6454-fadb-42ed-47e3b37f87ec" testName="CheckinCreate" computerName="RAGHUGDDSK8R" duration="00:00:00.0004346" startTime="2012-04-29T18:00:58.2433865-07:00" endTime="2012-04-29T18:00:58.2593881-07:00" testType="13cdc9d9-ddb5-4fa4-a97d-d965ccfc6d4b" outcome="Passed" testListId="8c84fa94-04c1-424b-9868-57a2d4851a1d" relativeResultsDirectory="58e503a4-2eab-45ae-aa46-e3e4b6ce2370">
    </UnitTestResult>
    <UnitTestResult executionId="bc8e6b6c-3a02-4147-897f-7b9900c9b6bd" testId="8e11be20-dcc8-b441-0e20-33077a5da162" testName="RevertInterest" computerName="RAGHUGDDSK8R" duration="00:00:00.0003441" startTime="2012-04-29T18:00:58.2743896-07:00" endTime="2012-04-29T18:00:58.2883910-07:00" testType="13cdc9d9-ddb5-4fa4-a97d-d965ccfc6d4b" outcome="Passed" testListId="8c84fa94-04c1-424b-9868-57a2d4851a1d" relativeResultsDirectory="bc8e6b6c-3a02-4147-897f-7b9900c9b6bd">
    </UnitTestResult>
    <UnitTestResult executionId="4cf167e2-1f05-4725-a1bc-e2355d6e1f35" testId="a326f777-49b1-c27d-14ef-d9db5992cda0" testName="BusinessGetWithDB" computerName="RAGHUGDDSK8R" duration="00:00:24.7524750" startTime="2012-04-29T18:00:58.3033925-07:00" endTime="2012-04-29T18:01:23.0558675-07:00" testType="13cdc9d9-ddb5-4fa4-a97d-d965ccfc6d4b" outcome="Aborted" testListId="8c84fa94-04c1-424b-9868-57a2d4851a1d" relativeResultsDirectory="4cf167e2-1f05-4725-a1bc-e2355d6e1f35">
    </UnitTestResult>
    <UnitTestResult executionId="c5299b5f-e70c-4c37-b15d-99b09cf0dd24" testId="ad319be6-93f1-2ef3-dab6-9a5334b91a17" testName="VisibleProfilesGet" computerName="RAGHUGDDSK8R" testType="13cdc9d9-ddb5-4fa4-a97d-d965ccfc6d4b" outcome="NotExecuted" testListId="8c84fa94-04c1-424b-9868-57a2d4851a1d" relativeResultsDirectory="c5299b5f-e70c-4c37-b15d-99b09cf0dd24">
    </UnitTestResult>
    <UnitTestResult executionId="f07393e9-943b-413c-aa2c-1245cbb5fe64" testId="bb01bdb4-8334-c16a-f8c2-ae73eedf59ac" testName="Hangup" computerName="RAGHUGDDSK8R" testType="13cdc9d9-ddb5-4fa4-a97d-d965ccfc6d4b" outcome="NotExecuted" testListId="8c84fa94-04c1-424b-9868-57a2d4851a1d" relativeResultsDirectory="f07393e9-943b-413c-aa2c-1245cbb5fe64">
    </UnitTestResult>
    <UnitTestResult executionId="3a2f1827-7174-46ca-a19f-57531e642d9d" testId="e70d4088-3756-d06d-0435-266d8121c377" testName="HangupFail" computerName="RAGHUGDDSK8R" testType="13cdc9d9-ddb5-4fa4-a97d-d965ccfc6d4b" outcome="NotExecuted" testListId="8c84fa94-04c1-424b-9868-57a2d4851a1d" relativeResultsDirectory="3a2f1827-7174-46ca-a19f-57531e642d9d">
    </UnitTestResult>
    <UnitTestResult executionId="d0017bf0-fbb5-43b4-b7d9-df53d39bf220" testId="f26afacb-9289-ac6c-38a7-7645a59c772b" testName="CheckoutCreate" computerName="RAGHUGDDSK8R" testType="13cdc9d9-ddb5-4fa4-a97d-d965ccfc6d4b" outcome="NotExecuted" testListId="8c84fa94-04c1-424b-9868-57a2d4851a1d" relativeResultsDirectory="d0017bf0-fbb5-43b4-b7d9-df53d39bf220">
    </UnitTestResult>
    <UnitTestResult executionId="3cd00f4f-b9db-46ca-b789-249c9e10007b" testId="f9ab5fc8-03a3-f296-790c-13d47ef8153f" testName="UserInfoCreateDB" computerName="RAGHUGDDSK8R" testType="13cdc9d9-ddb5-4fa4-a97d-d965ccfc6d4b" outcome="NotExecuted" testListId="8c84fa94-04c1-424b-9868-57a2d4851a1d" relativeResultsDirectory="3cd00f4f-b9db-46ca-b789-249c9e10007b">
    </UnitTestResult>
    <UnitTestResult executionId="d38813e1-364c-41e1-866b-eef142794016" testId="ffa14a88-2b0f-087b-2a81-cf125abdf1e1" testName="UserInfoFemaleCreateDB" computerName="RAGHUGDDSK8R" testType="13cdc9d9-ddb5-4fa4-a97d-d965ccfc6d4b" outcome="NotExecuted" testListId="8c84fa94-04c1-424b-9868-57a2d4851a1d" relativeResultsDirectory="d38813e1-364c-41e1-866b-eef142794016">
    </UnitTestResult>
  </Results>
</TestRun>