<?xml version="1.0" encoding="UTF-8"?>
<TestRun id="96e7c14f-e7d0-47ba-a7ac-38f77658adc4" name="raghug@RAGHUGDDSK8R 2012-04-27 17:43:51" runUser="REDMOND\raghug" xmlns="http://microsoft.com/schemas/VisualStudio/TeamTest/2010">
  <TestSettings name="Local" id="0a033359-9003-4ffc-8645-7fa61a9369c1">
    <Description>These are default test settings for a local test run.</Description>
    <Deployment enabled="false" runDeploymentRoot="raghug_RAGHUGDDSK8R 2012-04-27 17_43_51">
      <DeploymentItem filename="C:\mydev\Incyte\BusinessLayer\bin\Debug\BusinessLayer.dll" />
      <DeploymentItem filename="C:\mydev\Incyte\ResourceLayer\bin\Debug\ResourceLayer.dll" />
    </Deployment>
    <Execution>
      <TestTypeSpecific />
      <AgentRule name="Execution Agents">
      </AgentRule>
    </Execution>
  </TestSettings>
  <Times creation="2012-04-27T17:43:51.6647317-07:00" queuing="2012-04-27T17:43:51.6757317-07:00" start="2012-04-27T17:43:51.6977317-07:00" finish="2012-04-27T17:43:52.9477317-07:00" />
  <ResultSummary outcome="Completed">
    <Counters total="16" executed="16" passed="16" error="0" failed="0" timeout="0" aborted="0" inconclusive="0" passedButRunAborted="0" notRunnable="0" notExecuted="0" disconnected="0" warning="0" completed="0" inProgress="0" pending="0" />
  </ResultSummary>
  <TestDefinitions>
    <UnitTest name="RevertInterestFail" storage="c:\mydev\incyte\test\bin\debug\test.dll" id="18056dad-9179-f403-55c3-5e1268fa1b27">
      <Execution id="87dd8ff6-b515-49c1-ad34-987621542937" />
      <TestMethod codeBase="C:/mydev/Incyte/Test/bin/Debug/Test.DLL" adapterTypeName="Microsoft.VisualStudio.TestTools.TestTypes.Unit.UnitTestAdapter, Microsoft.VisualStudio.QualityTools.Tips.UnitTest.Adapter, Version=10.0.0.0, Culture=neutral, PublicKeyToken=b03f5f7f11d50a3a" className="Test.UserServiceTest, Test, Version=1.0.0.0, Culture=neutral, PublicKeyToken=null" name="RevertInterestFail" />
    </UnitTest>
    <UnitTest name="UserInfoCreateDB" storage="c:\mydev\incyte\test\bin\debug\test.dll" id="f9ab5fc8-03a3-f296-790c-13d47ef8153f">
      <Execution id="f5c34dc3-e1fa-4e7b-b17e-21ad2845b713" />
      <TestMethod codeBase="C:/mydev/Incyte/Test/bin/Debug/Test.DLL" adapterTypeName="Microsoft.VisualStudio.TestTools.TestTypes.Unit.UnitTestAdapter, Microsoft.VisualStudio.QualityTools.Tips.UnitTest.Adapter, Version=10.0.0.0, Culture=neutral, PublicKeyToken=b03f5f7f11d50a3a" className="Test.UserServiceTestDB, Test, Version=1.0.0.0, Culture=neutral, PublicKeyToken=null" name="UserInfoCreateDB" />
    </UnitTest>
    <UnitTest name="Hangup" storage="c:\mydev\incyte\test\bin\debug\test.dll" id="bb01bdb4-8334-c16a-f8c2-ae73eedf59ac">
      <Execution id="91cec133-8c51-4bb1-827a-19c275d95670" />
      <TestMethod codeBase="C:/mydev/Incyte/Test/bin/Debug/Test.DLL" adapterTypeName="Microsoft.VisualStudio.TestTools.TestTypes.Unit.UnitTestAdapter, Microsoft.VisualStudio.QualityTools.Tips.UnitTest.Adapter, Version=10.0.0.0, Culture=neutral, PublicKeyToken=b03f5f7f11d50a3a" className="Test.UserServiceTest, Test, Version=1.0.0.0, Culture=neutral, PublicKeyToken=null" name="Hangup" />
    </UnitTest>
    <UnitTest name="BusinessGetWithDB" storage="c:\mydev\incyte\test\bin\debug\test.dll" id="a326f777-49b1-c27d-14ef-d9db5992cda0">
      <Execution id="0ad03311-4d0d-4ae0-a38b-016a0a10489b" />
      <TestMethod codeBase="C:/mydev/Incyte/Test/bin/Debug/Test.DLL" adapterTypeName="Microsoft.VisualStudio.TestTools.TestTypes.Unit.UnitTestAdapter, Microsoft.VisualStudio.QualityTools.Tips.UnitTest.Adapter, Version=10.0.0.0, Culture=neutral, PublicKeyToken=b03f5f7f11d50a3a" className="Test.BusinessServiceTest, Test, Version=1.0.0.0, Culture=neutral, PublicKeyToken=null" name="BusinessGetWithDB" />
    </UnitTest>
    <UnitTest name="UserInfoFemaleCreateDB" storage="c:\mydev\incyte\test\bin\debug\test.dll" id="ffa14a88-2b0f-087b-2a81-cf125abdf1e1">
      <Execution id="23be94b0-18ac-41ef-88d2-d5126491f8ec" />
      <TestMethod codeBase="C:/mydev/Incyte/Test/bin/Debug/Test.DLL" adapterTypeName="Microsoft.VisualStudio.TestTools.TestTypes.Unit.UnitTestAdapter, Microsoft.VisualStudio.QualityTools.Tips.UnitTest.Adapter, Version=10.0.0.0, Culture=neutral, PublicKeyToken=b03f5f7f11d50a3a" className="Test.UserServiceTestDB, Test, Version=1.0.0.0, Culture=neutral, PublicKeyToken=null" name="UserInfoFemaleCreateDB" />
    </UnitTest>
    <UnitTest name="UserLoginCreateDB" storage="c:\mydev\incyte\test\bin\debug\test.dll" id="12fac4e0-69ff-0457-3c20-7fc9b8977a24">
      <Execution id="cc4fdb14-a412-423a-a670-a5e592541346" />
      <TestMethod codeBase="C:/mydev/Incyte/Test/bin/Debug/Test.DLL" adapterTypeName="Microsoft.VisualStudio.TestTools.TestTypes.Unit.UnitTestAdapter, Microsoft.VisualStudio.QualityTools.Tips.UnitTest.Adapter, Version=10.0.0.0, Culture=neutral, PublicKeyToken=b03f5f7f11d50a3a" className="Test.UserServiceTestDB, Test, Version=1.0.0.0, Culture=neutral, PublicKeyToken=null" name="UserLoginCreateDB" />
    </UnitTest>
    <UnitTest name="VisibleProfilesByBusinessGet" storage="c:\mydev\incyte\test\bin\debug\test.dll" id="94df77a2-9782-7d32-6127-43a97a76246e">
      <Execution id="89fbfc7b-2f53-4013-841a-267e8a97005f" />
      <TestMethod codeBase="C:/mydev/Incyte/Test/bin/Debug/Test.DLL" adapterTypeName="Microsoft.VisualStudio.TestTools.TestTypes.Unit.UnitTestAdapter, Microsoft.VisualStudio.QualityTools.Tips.UnitTest.Adapter, Version=10.0.0.0, Culture=neutral, PublicKeyToken=b03f5f7f11d50a3a" className="Test.UserServiceTest, Test, Version=1.0.0.0, Culture=neutral, PublicKeyToken=null" name="VisibleProfilesByBusinessGet" />
    </UnitTest>
    <UnitTest name="CheckoutCreateDB" storage="c:\mydev\incyte\test\bin\debug\test.dll" id="11ef5593-333e-be35-d461-00effd8ef353">
      <Execution id="46b44574-368b-4811-85c9-80724c4dd70c" />
      <TestMethod codeBase="C:/mydev/Incyte/Test/bin/Debug/Test.DLL" adapterTypeName="Microsoft.VisualStudio.TestTools.TestTypes.Unit.UnitTestAdapter, Microsoft.VisualStudio.QualityTools.Tips.UnitTest.Adapter, Version=10.0.0.0, Culture=neutral, PublicKeyToken=b03f5f7f11d50a3a" className="Test.UserServiceTestDB, Test, Version=1.0.0.0, Culture=neutral, PublicKeyToken=null" name="CheckoutCreateDB" />
    </UnitTest>
    <UnitTest name="BusinessGetWithMock" storage="c:\mydev\incyte\test\bin\debug\test.dll" id="27efbd9f-8ccb-47bc-3631-9e1f574da0ed">
      <Execution id="7446871d-1919-4d53-8933-76859b1162fc" />
      <TestMethod codeBase="C:/mydev/Incyte/Test/bin/Debug/Test.DLL" adapterTypeName="Microsoft.VisualStudio.TestTools.TestTypes.Unit.UnitTestAdapter, Microsoft.VisualStudio.QualityTools.Tips.UnitTest.Adapter, Version=10.0.0.0, Culture=neutral, PublicKeyToken=b03f5f7f11d50a3a" className="Test.BusinessServiceTest, Test, Version=1.0.0.0, Culture=neutral, PublicKeyToken=null" name="BusinessGetWithMock" />
    </UnitTest>
    <UnitTest name="HangupFail" storage="c:\mydev\incyte\test\bin\debug\test.dll" id="e70d4088-3756-d06d-0435-266d8121c377">
      <Execution id="0d51ea6e-5814-4feb-9a22-c08a1d41b3ce" />
      <TestMethod codeBase="C:/mydev/Incyte/Test/bin/Debug/Test.DLL" adapterTypeName="Microsoft.VisualStudio.TestTools.TestTypes.Unit.UnitTestAdapter, Microsoft.VisualStudio.QualityTools.Tips.UnitTest.Adapter, Version=10.0.0.0, Culture=neutral, PublicKeyToken=b03f5f7f11d50a3a" className="Test.UserServiceTest, Test, Version=1.0.0.0, Culture=neutral, PublicKeyToken=null" name="HangupFail" />
    </UnitTest>
    <UnitTest name="RevertInterest" storage="c:\mydev\incyte\test\bin\debug\test.dll" id="8e11be20-dcc8-b441-0e20-33077a5da162">
      <Execution id="fe7d51ec-c2ea-4e1e-a527-42b840b0bd84" />
      <TestMethod codeBase="C:/mydev/Incyte/Test/bin/Debug/Test.DLL" adapterTypeName="Microsoft.VisualStudio.TestTools.TestTypes.Unit.UnitTestAdapter, Microsoft.VisualStudio.QualityTools.Tips.UnitTest.Adapter, Version=10.0.0.0, Culture=neutral, PublicKeyToken=b03f5f7f11d50a3a" className="Test.UserServiceTest, Test, Version=1.0.0.0, Culture=neutral, PublicKeyToken=null" name="RevertInterest" />
    </UnitTest>
    <UnitTest name="CheckoutCreate" storage="c:\mydev\incyte\test\bin\debug\test.dll" id="f26afacb-9289-ac6c-38a7-7645a59c772b">
      <Execution id="57deb789-4848-4a48-8e19-197aa489c90e" />
      <TestMethod codeBase="C:/mydev/Incyte/Test/bin/Debug/Test.DLL" adapterTypeName="Microsoft.VisualStudio.TestTools.TestTypes.Unit.UnitTestAdapter, Microsoft.VisualStudio.QualityTools.Tips.UnitTest.Adapter, Version=10.0.0.0, Culture=neutral, PublicKeyToken=b03f5f7f11d50a3a" className="Test.UserServiceTest, Test, Version=1.0.0.0, Culture=neutral, PublicKeyToken=null" name="CheckoutCreate" />
    </UnitTest>
    <UnitTest name="CheckinCreate" storage="c:\mydev\incyte\test\bin\debug\test.dll" id="79f1ffd3-6454-fadb-42ed-47e3b37f87ec">
      <Execution id="32f37ac3-c5a2-4025-85c9-b4e326940d1c" />
      <TestMethod codeBase="C:/mydev/Incyte/Test/bin/Debug/Test.DLL" adapterTypeName="Microsoft.VisualStudio.TestTools.TestTypes.Unit.UnitTestAdapter, Microsoft.VisualStudio.QualityTools.Tips.UnitTest.Adapter, Version=10.0.0.0, Culture=neutral, PublicKeyToken=b03f5f7f11d50a3a" className="Test.UserServiceTest, Test, Version=1.0.0.0, Culture=neutral, PublicKeyToken=null" name="CheckinCreate" />
    </UnitTest>
    <UnitTest name="ShowInterestFail" storage="c:\mydev\incyte\test\bin\debug\test.dll" id="0245c92a-89ea-c8dd-19f2-548a9ed0c8f6">
      <Execution id="919a4101-9eae-496d-8af3-07324b2899d0" />
      <TestMethod codeBase="C:/mydev/Incyte/Test/bin/Debug/Test.DLL" adapterTypeName="Microsoft.VisualStudio.TestTools.TestTypes.Unit.UnitTestAdapter, Microsoft.VisualStudio.QualityTools.Tips.UnitTest.Adapter, Version=10.0.0.0, Culture=neutral, PublicKeyToken=b03f5f7f11d50a3a" className="Test.UserServiceTest, Test, Version=1.0.0.0, Culture=neutral, PublicKeyToken=null" name="ShowInterestFail" />
    </UnitTest>
    <UnitTest name="ShowInterest" storage="c:\mydev\incyte\test\bin\debug\test.dll" id="3eb1e12c-9c03-8f26-5c42-7f1f24c9bbfc">
      <Execution id="4882c0f4-3582-4783-8702-2aed33eee7c9" />
      <TestMethod codeBase="C:/mydev/Incyte/Test/bin/Debug/Test.DLL" adapterTypeName="Microsoft.VisualStudio.TestTools.TestTypes.Unit.UnitTestAdapter, Microsoft.VisualStudio.QualityTools.Tips.UnitTest.Adapter, Version=10.0.0.0, Culture=neutral, PublicKeyToken=b03f5f7f11d50a3a" className="Test.UserServiceTest, Test, Version=1.0.0.0, Culture=neutral, PublicKeyToken=null" name="ShowInterest" />
    </UnitTest>
    <UnitTest name="CheckinCreateDB" storage="c:\mydev\incyte\test\bin\debug\test.dll" id="3f43c904-aa29-9c6c-e659-5a7c08592202">
      <Execution id="3395f002-7a3c-4309-9080-8de8ad339dac" />
      <TestMethod codeBase="C:/mydev/Incyte/Test/bin/Debug/Test.DLL" adapterTypeName="Microsoft.VisualStudio.TestTools.TestTypes.Unit.UnitTestAdapter, Microsoft.VisualStudio.QualityTools.Tips.UnitTest.Adapter, Version=10.0.0.0, Culture=neutral, PublicKeyToken=b03f5f7f11d50a3a" className="Test.UserServiceTestDB, Test, Version=1.0.0.0, Culture=neutral, PublicKeyToken=null" name="CheckinCreateDB" />
    </UnitTest>
  </TestDefinitions>
  <TestLists>
    <TestList name="Results Not in a List" id="8c84fa94-04c1-424b-9868-57a2d4851a1d" />
    <TestList name="All Loaded Results" id="19431567-8539-422a-85d7-44ee4e166bda" />
  </TestLists>
  <TestEntries>
    <TestEntry testId="0245c92a-89ea-c8dd-19f2-548a9ed0c8f6" executionId="919a4101-9eae-496d-8af3-07324b2899d0" testListId="8c84fa94-04c1-424b-9868-57a2d4851a1d" />
    <TestEntry testId="11ef5593-333e-be35-d461-00effd8ef353" executionId="46b44574-368b-4811-85c9-80724c4dd70c" testListId="8c84fa94-04c1-424b-9868-57a2d4851a1d" />
    <TestEntry testId="12fac4e0-69ff-0457-3c20-7fc9b8977a24" executionId="cc4fdb14-a412-423a-a670-a5e592541346" testListId="8c84fa94-04c1-424b-9868-57a2d4851a1d" />
    <TestEntry testId="18056dad-9179-f403-55c3-5e1268fa1b27" executionId="87dd8ff6-b515-49c1-ad34-987621542937" testListId="8c84fa94-04c1-424b-9868-57a2d4851a1d" />
    <TestEntry testId="27efbd9f-8ccb-47bc-3631-9e1f574da0ed" executionId="7446871d-1919-4d53-8933-76859b1162fc" testListId="8c84fa94-04c1-424b-9868-57a2d4851a1d" />
    <TestEntry testId="3eb1e12c-9c03-8f26-5c42-7f1f24c9bbfc" executionId="4882c0f4-3582-4783-8702-2aed33eee7c9" testListId="8c84fa94-04c1-424b-9868-57a2d4851a1d" />
    <TestEntry testId="3f43c904-aa29-9c6c-e659-5a7c08592202" executionId="3395f002-7a3c-4309-9080-8de8ad339dac" testListId="8c84fa94-04c1-424b-9868-57a2d4851a1d" />
    <TestEntry testId="79f1ffd3-6454-fadb-42ed-47e3b37f87ec" executionId="32f37ac3-c5a2-4025-85c9-b4e326940d1c" testListId="8c84fa94-04c1-424b-9868-57a2d4851a1d" />
    <TestEntry testId="8e11be20-dcc8-b441-0e20-33077a5da162" executionId="fe7d51ec-c2ea-4e1e-a527-42b840b0bd84" testListId="8c84fa94-04c1-424b-9868-57a2d4851a1d" />
    <TestEntry testId="94df77a2-9782-7d32-6127-43a97a76246e" executionId="89fbfc7b-2f53-4013-841a-267e8a97005f" testListId="8c84fa94-04c1-424b-9868-57a2d4851a1d" />
    <TestEntry testId="a326f777-49b1-c27d-14ef-d9db5992cda0" executionId="0ad03311-4d0d-4ae0-a38b-016a0a10489b" testListId="8c84fa94-04c1-424b-9868-57a2d4851a1d" />
    <TestEntry testId="bb01bdb4-8334-c16a-f8c2-ae73eedf59ac" executionId="91cec133-8c51-4bb1-827a-19c275d95670" testListId="8c84fa94-04c1-424b-9868-57a2d4851a1d" />
    <TestEntry testId="e70d4088-3756-d06d-0435-266d8121c377" executionId="0d51ea6e-5814-4feb-9a22-c08a1d41b3ce" testListId="8c84fa94-04c1-424b-9868-57a2d4851a1d" />
    <TestEntry testId="f26afacb-9289-ac6c-38a7-7645a59c772b" executionId="57deb789-4848-4a48-8e19-197aa489c90e" testListId="8c84fa94-04c1-424b-9868-57a2d4851a1d" />
    <TestEntry testId="f9ab5fc8-03a3-f296-790c-13d47ef8153f" executionId="f5c34dc3-e1fa-4e7b-b17e-21ad2845b713" testListId="8c84fa94-04c1-424b-9868-57a2d4851a1d" />
    <TestEntry testId="ffa14a88-2b0f-087b-2a81-cf125abdf1e1" executionId="23be94b0-18ac-41ef-88d2-d5126491f8ec" testListId="8c84fa94-04c1-424b-9868-57a2d4851a1d" />
  </TestEntries>
  <Results>
    <UnitTestResult executionId="919a4101-9eae-496d-8af3-07324b2899d0" testId="0245c92a-89ea-c8dd-19f2-548a9ed0c8f6" testName="ShowInterestFail" computerName="RAGHUGDDSK8R" duration="00:00:00.0148148" startTime="2012-04-27T17:43:51.7267317-07:00" endTime="2012-04-27T17:43:51.9687317-07:00" testType="13cdc9d9-ddb5-4fa4-a97d-d965ccfc6d4b" outcome="Passed" testListId="8c84fa94-04c1-424b-9868-57a2d4851a1d" relativeResultsDirectory="919a4101-9eae-496d-8af3-07324b2899d0">
    </UnitTestResult>
    <UnitTestResult executionId="46b44574-368b-4811-85c9-80724c4dd70c" testId="11ef5593-333e-be35-d461-00effd8ef353" testName="CheckoutCreateDB" computerName="RAGHUGDDSK8R" duration="00:00:00.0128558" startTime="2012-04-27T17:43:51.9767317-07:00" endTime="2012-04-27T17:43:51.9947317-07:00" testType="13cdc9d9-ddb5-4fa4-a97d-d965ccfc6d4b" outcome="Passed" testListId="8c84fa94-04c1-424b-9868-57a2d4851a1d" relativeResultsDirectory="46b44574-368b-4811-85c9-80724c4dd70c">
    </UnitTestResult>
    <UnitTestResult executionId="cc4fdb14-a412-423a-a670-a5e592541346" testId="12fac4e0-69ff-0457-3c20-7fc9b8977a24" testName="UserLoginCreateDB" computerName="RAGHUGDDSK8R" duration="00:00:00.0007479" startTime="2012-04-27T17:43:51.9977317-07:00" endTime="2012-04-27T17:43:52.0047317-07:00" testType="13cdc9d9-ddb5-4fa4-a97d-d965ccfc6d4b" outcome="Passed" testListId="8c84fa94-04c1-424b-9868-57a2d4851a1d" relativeResultsDirectory="cc4fdb14-a412-423a-a670-a5e592541346">
    </UnitTestResult>
    <UnitTestResult executionId="87dd8ff6-b515-49c1-ad34-987621542937" testId="18056dad-9179-f403-55c3-5e1268fa1b27" testName="RevertInterestFail" computerName="RAGHUGDDSK8R" duration="00:00:00.0004584" startTime="2012-04-27T17:43:52.0097317-07:00" endTime="2012-04-27T17:43:52.0157317-07:00" testType="13cdc9d9-ddb5-4fa4-a97d-d965ccfc6d4b" outcome="Passed" testListId="8c84fa94-04c1-424b-9868-57a2d4851a1d" relativeResultsDirectory="87dd8ff6-b515-49c1-ad34-987621542937">
    </UnitTestResult>
    <UnitTestResult executionId="7446871d-1919-4d53-8933-76859b1162fc" testId="27efbd9f-8ccb-47bc-3631-9e1f574da0ed" testName="BusinessGetWithMock" computerName="RAGHUGDDSK8R" duration="00:00:00.2268152" startTime="2012-04-27T17:43:52.0217317-07:00" endTime="2012-04-27T17:43:52.2547317-07:00" testType="13cdc9d9-ddb5-4fa4-a97d-d965ccfc6d4b" outcome="Passed" testListId="8c84fa94-04c1-424b-9868-57a2d4851a1d" relativeResultsDirectory="7446871d-1919-4d53-8933-76859b1162fc">
    </UnitTestResult>
    <UnitTestResult executionId="4882c0f4-3582-4783-8702-2aed33eee7c9" testId="3eb1e12c-9c03-8f26-5c42-7f1f24c9bbfc" testName="ShowInterest" computerName="RAGHUGDDSK8R" duration="00:00:00.0004519" startTime="2012-04-27T17:43:52.2587317-07:00" endTime="2012-04-27T17:43:52.2667317-07:00" testType="13cdc9d9-ddb5-4fa4-a97d-d965ccfc6d4b" outcome="Passed" testListId="8c84fa94-04c1-424b-9868-57a2d4851a1d" relativeResultsDirectory="4882c0f4-3582-4783-8702-2aed33eee7c9">
    </UnitTestResult>
    <UnitTestResult executionId="3395f002-7a3c-4309-9080-8de8ad339dac" testId="3f43c904-aa29-9c6c-e659-5a7c08592202" testName="CheckinCreateDB" computerName="RAGHUGDDSK8R" duration="00:00:00.0029518" startTime="2012-04-27T17:43:52.2707317-07:00" endTime="2012-04-27T17:43:52.2807317-07:00" testType="13cdc9d9-ddb5-4fa4-a97d-d965ccfc6d4b" outcome="Passed" testListId="8c84fa94-04c1-424b-9868-57a2d4851a1d" relativeResultsDirectory="3395f002-7a3c-4309-9080-8de8ad339dac">
    </UnitTestResult>
    <UnitTestResult executionId="32f37ac3-c5a2-4025-85c9-b4e326940d1c" testId="79f1ffd3-6454-fadb-42ed-47e3b37f87ec" testName="CheckinCreate" computerName="RAGHUGDDSK8R" duration="00:00:00.0003383" startTime="2012-04-27T17:43:52.2847317-07:00" endTime="2012-04-27T17:43:52.2967317-07:00" testType="13cdc9d9-ddb5-4fa4-a97d-d965ccfc6d4b" outcome="Passed" testListId="8c84fa94-04c1-424b-9868-57a2d4851a1d" relativeResultsDirectory="32f37ac3-c5a2-4025-85c9-b4e326940d1c">
    </UnitTestResult>
    <UnitTestResult executionId="fe7d51ec-c2ea-4e1e-a527-42b840b0bd84" testId="8e11be20-dcc8-b441-0e20-33077a5da162" testName="RevertInterest" computerName="RAGHUGDDSK8R" duration="00:00:00.0002918" startTime="2012-04-27T17:43:52.3007317-07:00" endTime="2012-04-27T17:43:52.3097317-07:00" testType="13cdc9d9-ddb5-4fa4-a97d-d965ccfc6d4b" outcome="Passed" testListId="8c84fa94-04c1-424b-9868-57a2d4851a1d" relativeResultsDirectory="fe7d51ec-c2ea-4e1e-a527-42b840b0bd84">
    </UnitTestResult>
    <UnitTestResult executionId="89fbfc7b-2f53-4013-841a-267e8a97005f" testId="94df77a2-9782-7d32-6127-43a97a76246e" testName="VisibleProfilesByBusinessGet" computerName="RAGHUGDDSK8R" duration="00:00:00.0031081" startTime="2012-04-27T17:43:52.3137317-07:00" endTime="2012-04-27T17:43:52.3217317-07:00" testType="13cdc9d9-ddb5-4fa4-a97d-d965ccfc6d4b" outcome="Passed" testListId="8c84fa94-04c1-424b-9868-57a2d4851a1d" relativeResultsDirectory="89fbfc7b-2f53-4013-841a-267e8a97005f">
    </UnitTestResult>
    <UnitTestResult executionId="0ad03311-4d0d-4ae0-a38b-016a0a10489b" testId="a326f777-49b1-c27d-14ef-d9db5992cda0" testName="BusinessGetWithDB" computerName="RAGHUGDDSK8R" duration="00:00:00.5268984" startTime="2012-04-27T17:43:52.3267317-07:00" endTime="2012-04-27T17:43:52.8597317-07:00" testType="13cdc9d9-ddb5-4fa4-a97d-d965ccfc6d4b" outcome="Passed" testListId="8c84fa94-04c1-424b-9868-57a2d4851a1d" relativeResultsDirectory="0ad03311-4d0d-4ae0-a38b-016a0a10489b">
    </UnitTestResult>
    <UnitTestResult executionId="91cec133-8c51-4bb1-827a-19c275d95670" testId="bb01bdb4-8334-c16a-f8c2-ae73eedf59ac" testName="Hangup" computerName="RAGHUGDDSK8R" duration="00:00:00.0011852" startTime="2012-04-27T17:43:52.8677317-07:00" endTime="2012-04-27T17:43:52.8767317-07:00" testType="13cdc9d9-ddb5-4fa4-a97d-d965ccfc6d4b" outcome="Passed" testListId="8c84fa94-04c1-424b-9868-57a2d4851a1d" relativeResultsDirectory="91cec133-8c51-4bb1-827a-19c275d95670">
    </UnitTestResult>
    <UnitTestResult executionId="0d51ea6e-5814-4feb-9a22-c08a1d41b3ce" testId="e70d4088-3756-d06d-0435-266d8121c377" testName="HangupFail" computerName="RAGHUGDDSK8R" duration="00:00:00.0002533" startTime="2012-04-27T17:43:52.8827317-07:00" endTime="2012-04-27T17:43:52.8877317-07:00" testType="13cdc9d9-ddb5-4fa4-a97d-d965ccfc6d4b" outcome="Passed" testListId="8c84fa94-04c1-424b-9868-57a2d4851a1d" relativeResultsDirectory="0d51ea6e-5814-4feb-9a22-c08a1d41b3ce">
    </UnitTestResult>
    <UnitTestResult executionId="57deb789-4848-4a48-8e19-197aa489c90e" testId="f26afacb-9289-ac6c-38a7-7645a59c772b" testName="CheckoutCreate" computerName="RAGHUGDDSK8R" duration="00:00:00.0003087" startTime="2012-04-27T17:43:52.8927317-07:00" endTime="2012-04-27T17:43:52.8987317-07:00" testType="13cdc9d9-ddb5-4fa4-a97d-d965ccfc6d4b" outcome="Passed" testListId="8c84fa94-04c1-424b-9868-57a2d4851a1d" relativeResultsDirectory="57deb789-4848-4a48-8e19-197aa489c90e">
    </UnitTestResult>
    <UnitTestResult executionId="f5c34dc3-e1fa-4e7b-b17e-21ad2845b713" testId="f9ab5fc8-03a3-f296-790c-13d47ef8153f" testName="UserInfoCreateDB" computerName="RAGHUGDDSK8R" duration="00:00:00.0052274" startTime="2012-04-27T17:43:52.9027317-07:00" endTime="2012-04-27T17:43:52.9127317-07:00" testType="13cdc9d9-ddb5-4fa4-a97d-d965ccfc6d4b" outcome="Passed" testListId="8c84fa94-04c1-424b-9868-57a2d4851a1d" relativeResultsDirectory="f5c34dc3-e1fa-4e7b-b17e-21ad2845b713">
    </UnitTestResult>
    <UnitTestResult executionId="23be94b0-18ac-41ef-88d2-d5126491f8ec" testId="ffa14a88-2b0f-087b-2a81-cf125abdf1e1" testName="UserInfoFemaleCreateDB" computerName="RAGHUGDDSK8R" duration="00:00:00.0023116" startTime="2012-04-27T17:43:52.9167317-07:00" endTime="2012-04-27T17:43:52.9247317-07:00" testType="13cdc9d9-ddb5-4fa4-a97d-d965ccfc6d4b" outcome="Passed" testListId="8c84fa94-04c1-424b-9868-57a2d4851a1d" relativeResultsDirectory="23be94b0-18ac-41ef-88d2-d5126491f8ec">
    </UnitTestResult>
  </Results>
</TestRun>