<?xml version="1.0" encoding="UTF-8"?>
<TestRun id="ecfe1dc1-7d6d-4734-acfb-6648a18a0803" name="raghug@RAGHUGDDSK8R 2012-04-27 17:38:03" runUser="REDMOND\raghug" xmlns="http://microsoft.com/schemas/VisualStudio/TeamTest/2010">
  <TestSettings name="Local" id="0a033359-9003-4ffc-8645-7fa61a9369c1">
    <Description>These are default test settings for a local test run.</Description>
    <Deployment enabled="false" runDeploymentRoot="raghug_RAGHUGDDSK8R 2012-04-27 17_38_03">
      <DeploymentItem filename="C:\mydev\Incyte\BusinessLayer\bin\Debug\BusinessLayer.dll" />
      <DeploymentItem filename="C:\mydev\Incyte\ResourceLayer\bin\Debug\ResourceLayer.dll" />
    </Deployment>
    <Execution>
      <TestTypeSpecific />
      <AgentRule name="Execution Agents">
      </AgentRule>
    </Execution>
  </TestSettings>
  <Times creation="2012-04-27T17:38:03.1117317-07:00" queuing="2012-04-27T17:38:03.1307317-07:00" start="2012-04-27T17:38:03.1567317-07:00" finish="2012-04-27T17:38:34.5387317-07:00" />
  <ResultSummary outcome="Completed">
    <Counters total="16" executed="16" passed="16" error="0" failed="0" timeout="0" aborted="0" inconclusive="0" passedButRunAborted="0" notRunnable="0" notExecuted="0" disconnected="0" warning="0" completed="0" inProgress="0" pending="0" />
  </ResultSummary>
  <TestDefinitions>
    <UnitTest name="RevertInterestFail" storage="c:\mydev\incyte\test\bin\debug\test.dll" id="18056dad-9179-f403-55c3-5e1268fa1b27">
      <Execution id="b4c7e0fe-7561-4bbc-b8d8-76cf238b2c71" />
      <TestMethod codeBase="C:/mydev/Incyte/Test/bin/Debug/Test.DLL" adapterTypeName="Microsoft.VisualStudio.TestTools.TestTypes.Unit.UnitTestAdapter, Microsoft.VisualStudio.QualityTools.Tips.UnitTest.Adapter, Version=10.0.0.0, Culture=neutral, PublicKeyToken=b03f5f7f11d50a3a" className="Test.UserServiceTest, Test, Version=1.0.0.0, Culture=neutral, PublicKeyToken=null" name="RevertInterestFail" />
    </UnitTest>
    <UnitTest name="UserInfoCreateDB" storage="c:\mydev\incyte\test\bin\debug\test.dll" id="f9ab5fc8-03a3-f296-790c-13d47ef8153f">
      <Execution id="786c49b3-3db4-4e06-b255-ab2e6b315565" />
      <TestMethod codeBase="C:/mydev/Incyte/Test/bin/Debug/Test.DLL" adapterTypeName="Microsoft.VisualStudio.TestTools.TestTypes.Unit.UnitTestAdapter, Microsoft.VisualStudio.QualityTools.Tips.UnitTest.Adapter, Version=10.0.0.0, Culture=neutral, PublicKeyToken=b03f5f7f11d50a3a" className="Test.UserServiceTestDB, Test, Version=1.0.0.0, Culture=neutral, PublicKeyToken=null" name="UserInfoCreateDB" />
    </UnitTest>
    <UnitTest name="Hangup" storage="c:\mydev\incyte\test\bin\debug\test.dll" id="bb01bdb4-8334-c16a-f8c2-ae73eedf59ac">
      <Execution id="4c6b82c5-70c8-4633-96bf-eb1d9ffa42c1" />
      <TestMethod codeBase="C:/mydev/Incyte/Test/bin/Debug/Test.DLL" adapterTypeName="Microsoft.VisualStudio.TestTools.TestTypes.Unit.UnitTestAdapter, Microsoft.VisualStudio.QualityTools.Tips.UnitTest.Adapter, Version=10.0.0.0, Culture=neutral, PublicKeyToken=b03f5f7f11d50a3a" className="Test.UserServiceTest, Test, Version=1.0.0.0, Culture=neutral, PublicKeyToken=null" name="Hangup" />
    </UnitTest>
    <UnitTest name="BusinessGetWithDB" storage="c:\mydev\incyte\test\bin\debug\test.dll" id="a326f777-49b1-c27d-14ef-d9db5992cda0">
      <Execution id="188cb845-8b14-46ab-b1b1-898d00f81fec" />
      <TestMethod codeBase="C:/mydev/Incyte/Test/bin/Debug/Test.DLL" adapterTypeName="Microsoft.VisualStudio.TestTools.TestTypes.Unit.UnitTestAdapter, Microsoft.VisualStudio.QualityTools.Tips.UnitTest.Adapter, Version=10.0.0.0, Culture=neutral, PublicKeyToken=b03f5f7f11d50a3a" className="Test.BusinessServiceTest, Test, Version=1.0.0.0, Culture=neutral, PublicKeyToken=null" name="BusinessGetWithDB" />
    </UnitTest>
    <UnitTest name="UserInfoFemaleCreateDB" storage="c:\mydev\incyte\test\bin\debug\test.dll" id="ffa14a88-2b0f-087b-2a81-cf125abdf1e1">
      <Execution id="a1738b82-11b6-4ae7-b570-5d9045318036" />
      <TestMethod codeBase="C:/mydev/Incyte/Test/bin/Debug/Test.DLL" adapterTypeName="Microsoft.VisualStudio.TestTools.TestTypes.Unit.UnitTestAdapter, Microsoft.VisualStudio.QualityTools.Tips.UnitTest.Adapter, Version=10.0.0.0, Culture=neutral, PublicKeyToken=b03f5f7f11d50a3a" className="Test.UserServiceTestDB, Test, Version=1.0.0.0, Culture=neutral, PublicKeyToken=null" name="UserInfoFemaleCreateDB" />
    </UnitTest>
    <UnitTest name="UserLoginCreateDB" storage="c:\mydev\incyte\test\bin\debug\test.dll" id="12fac4e0-69ff-0457-3c20-7fc9b8977a24">
      <Execution id="9107a538-513f-4d6e-ab04-908374cae438" />
      <TestMethod codeBase="C:/mydev/Incyte/Test/bin/Debug/Test.DLL" adapterTypeName="Microsoft.VisualStudio.TestTools.TestTypes.Unit.UnitTestAdapter, Microsoft.VisualStudio.QualityTools.Tips.UnitTest.Adapter, Version=10.0.0.0, Culture=neutral, PublicKeyToken=b03f5f7f11d50a3a" className="Test.UserServiceTestDB, Test, Version=1.0.0.0, Culture=neutral, PublicKeyToken=null" name="UserLoginCreateDB" />
    </UnitTest>
    <UnitTest name="VisibleProfilesByBusinessGet" storage="c:\mydev\incyte\test\bin\debug\test.dll" id="94df77a2-9782-7d32-6127-43a97a76246e">
      <Execution id="96ba0556-344f-4a01-8f71-69e7195e0bcf" />
      <TestMethod codeBase="C:/mydev/Incyte/Test/bin/Debug/Test.DLL" adapterTypeName="Microsoft.VisualStudio.TestTools.TestTypes.Unit.UnitTestAdapter, Microsoft.VisualStudio.QualityTools.Tips.UnitTest.Adapter, Version=10.0.0.0, Culture=neutral, PublicKeyToken=b03f5f7f11d50a3a" className="Test.UserServiceTest, Test, Version=1.0.0.0, Culture=neutral, PublicKeyToken=null" name="VisibleProfilesByBusinessGet" />
    </UnitTest>
    <UnitTest name="CheckoutCreateDB" storage="c:\mydev\incyte\test\bin\debug\test.dll" id="11ef5593-333e-be35-d461-00effd8ef353">
      <Execution id="6f642650-dc3a-47b8-8d18-91cd30606952" />
      <TestMethod codeBase="C:/mydev/Incyte/Test/bin/Debug/Test.DLL" adapterTypeName="Microsoft.VisualStudio.TestTools.TestTypes.Unit.UnitTestAdapter, Microsoft.VisualStudio.QualityTools.Tips.UnitTest.Adapter, Version=10.0.0.0, Culture=neutral, PublicKeyToken=b03f5f7f11d50a3a" className="Test.UserServiceTestDB, Test, Version=1.0.0.0, Culture=neutral, PublicKeyToken=null" name="CheckoutCreateDB" />
    </UnitTest>
    <UnitTest name="BusinessGetWithMock" storage="c:\mydev\incyte\test\bin\debug\test.dll" id="27efbd9f-8ccb-47bc-3631-9e1f574da0ed">
      <Execution id="1fffd362-b7bf-4846-8c7e-044a281ec8d5" />
      <TestMethod codeBase="C:/mydev/Incyte/Test/bin/Debug/Test.DLL" adapterTypeName="Microsoft.VisualStudio.TestTools.TestTypes.Unit.UnitTestAdapter, Microsoft.VisualStudio.QualityTools.Tips.UnitTest.Adapter, Version=10.0.0.0, Culture=neutral, PublicKeyToken=b03f5f7f11d50a3a" className="Test.BusinessServiceTest, Test, Version=1.0.0.0, Culture=neutral, PublicKeyToken=null" name="BusinessGetWithMock" />
    </UnitTest>
    <UnitTest name="HangupFail" storage="c:\mydev\incyte\test\bin\debug\test.dll" id="e70d4088-3756-d06d-0435-266d8121c377">
      <Execution id="0bc04a9e-ef47-4914-a69b-c466b2344223" />
      <TestMethod codeBase="C:/mydev/Incyte/Test/bin/Debug/Test.DLL" adapterTypeName="Microsoft.VisualStudio.TestTools.TestTypes.Unit.UnitTestAdapter, Microsoft.VisualStudio.QualityTools.Tips.UnitTest.Adapter, Version=10.0.0.0, Culture=neutral, PublicKeyToken=b03f5f7f11d50a3a" className="Test.UserServiceTest, Test, Version=1.0.0.0, Culture=neutral, PublicKeyToken=null" name="HangupFail" />
    </UnitTest>
    <UnitTest name="RevertInterest" storage="c:\mydev\incyte\test\bin\debug\test.dll" id="8e11be20-dcc8-b441-0e20-33077a5da162">
      <Execution id="9a7d4854-af19-47c4-baa8-992c41446622" />
      <TestMethod codeBase="C:/mydev/Incyte/Test/bin/Debug/Test.DLL" adapterTypeName="Microsoft.VisualStudio.TestTools.TestTypes.Unit.UnitTestAdapter, Microsoft.VisualStudio.QualityTools.Tips.UnitTest.Adapter, Version=10.0.0.0, Culture=neutral, PublicKeyToken=b03f5f7f11d50a3a" className="Test.UserServiceTest, Test, Version=1.0.0.0, Culture=neutral, PublicKeyToken=null" name="RevertInterest" />
    </UnitTest>
    <UnitTest name="CheckoutCreate" storage="c:\mydev\incyte\test\bin\debug\test.dll" id="f26afacb-9289-ac6c-38a7-7645a59c772b">
      <Execution id="930d961b-0f16-46a8-9403-785453d1c5a8" />
      <TestMethod codeBase="C:/mydev/Incyte/Test/bin/Debug/Test.DLL" adapterTypeName="Microsoft.VisualStudio.TestTools.TestTypes.Unit.UnitTestAdapter, Microsoft.VisualStudio.QualityTools.Tips.UnitTest.Adapter, Version=10.0.0.0, Culture=neutral, PublicKeyToken=b03f5f7f11d50a3a" className="Test.UserServiceTest, Test, Version=1.0.0.0, Culture=neutral, PublicKeyToken=null" name="CheckoutCreate" />
    </UnitTest>
    <UnitTest name="CheckinCreate" storage="c:\mydev\incyte\test\bin\debug\test.dll" id="79f1ffd3-6454-fadb-42ed-47e3b37f87ec">
      <Execution id="08bf0b42-52bd-4fb9-9e9b-1031484ae159" />
      <TestMethod codeBase="C:/mydev/Incyte/Test/bin/Debug/Test.DLL" adapterTypeName="Microsoft.VisualStudio.TestTools.TestTypes.Unit.UnitTestAdapter, Microsoft.VisualStudio.QualityTools.Tips.UnitTest.Adapter, Version=10.0.0.0, Culture=neutral, PublicKeyToken=b03f5f7f11d50a3a" className="Test.UserServiceTest, Test, Version=1.0.0.0, Culture=neutral, PublicKeyToken=null" name="CheckinCreate" />
    </UnitTest>
    <UnitTest name="ShowInterestFail" storage="c:\mydev\incyte\test\bin\debug\test.dll" id="0245c92a-89ea-c8dd-19f2-548a9ed0c8f6">
      <Execution id="17dfd8b9-3711-4998-823d-feaacbafbe4a" />
      <TestMethod codeBase="C:/mydev/Incyte/Test/bin/Debug/Test.DLL" adapterTypeName="Microsoft.VisualStudio.TestTools.TestTypes.Unit.UnitTestAdapter, Microsoft.VisualStudio.QualityTools.Tips.UnitTest.Adapter, Version=10.0.0.0, Culture=neutral, PublicKeyToken=b03f5f7f11d50a3a" className="Test.UserServiceTest, Test, Version=1.0.0.0, Culture=neutral, PublicKeyToken=null" name="ShowInterestFail" />
    </UnitTest>
    <UnitTest name="ShowInterest" storage="c:\mydev\incyte\test\bin\debug\test.dll" id="3eb1e12c-9c03-8f26-5c42-7f1f24c9bbfc">
      <Execution id="faca2149-f659-480b-90ab-6ed163a03cf6" />
      <TestMethod codeBase="C:/mydev/Incyte/Test/bin/Debug/Test.DLL" adapterTypeName="Microsoft.VisualStudio.TestTools.TestTypes.Unit.UnitTestAdapter, Microsoft.VisualStudio.QualityTools.Tips.UnitTest.Adapter, Version=10.0.0.0, Culture=neutral, PublicKeyToken=b03f5f7f11d50a3a" className="Test.UserServiceTest, Test, Version=1.0.0.0, Culture=neutral, PublicKeyToken=null" name="ShowInterest" />
    </UnitTest>
    <UnitTest name="CheckinCreateDB" storage="c:\mydev\incyte\test\bin\debug\test.dll" id="3f43c904-aa29-9c6c-e659-5a7c08592202">
      <Execution id="b58bebef-af0e-4d2b-9682-278995429158" />
      <TestMethod codeBase="C:/mydev/Incyte/Test/bin/Debug/Test.DLL" adapterTypeName="Microsoft.VisualStudio.TestTools.TestTypes.Unit.UnitTestAdapter, Microsoft.VisualStudio.QualityTools.Tips.UnitTest.Adapter, Version=10.0.0.0, Culture=neutral, PublicKeyToken=b03f5f7f11d50a3a" className="Test.UserServiceTestDB, Test, Version=1.0.0.0, Culture=neutral, PublicKeyToken=null" name="CheckinCreateDB" />
    </UnitTest>
  </TestDefinitions>
  <TestLists>
    <TestList name="Results Not in a List" id="8c84fa94-04c1-424b-9868-57a2d4851a1d" />
    <TestList name="All Loaded Results" id="19431567-8539-422a-85d7-44ee4e166bda" />
  </TestLists>
  <TestEntries>
    <TestEntry testId="0245c92a-89ea-c8dd-19f2-548a9ed0c8f6" executionId="17dfd8b9-3711-4998-823d-feaacbafbe4a" testListId="8c84fa94-04c1-424b-9868-57a2d4851a1d" />
    <TestEntry testId="11ef5593-333e-be35-d461-00effd8ef353" executionId="6f642650-dc3a-47b8-8d18-91cd30606952" testListId="8c84fa94-04c1-424b-9868-57a2d4851a1d" />
    <TestEntry testId="12fac4e0-69ff-0457-3c20-7fc9b8977a24" executionId="9107a538-513f-4d6e-ab04-908374cae438" testListId="8c84fa94-04c1-424b-9868-57a2d4851a1d" />
    <TestEntry testId="18056dad-9179-f403-55c3-5e1268fa1b27" executionId="b4c7e0fe-7561-4bbc-b8d8-76cf238b2c71" testListId="8c84fa94-04c1-424b-9868-57a2d4851a1d" />
    <TestEntry testId="27efbd9f-8ccb-47bc-3631-9e1f574da0ed" executionId="1fffd362-b7bf-4846-8c7e-044a281ec8d5" testListId="8c84fa94-04c1-424b-9868-57a2d4851a1d" />
    <TestEntry testId="3eb1e12c-9c03-8f26-5c42-7f1f24c9bbfc" executionId="faca2149-f659-480b-90ab-6ed163a03cf6" testListId="8c84fa94-04c1-424b-9868-57a2d4851a1d" />
    <TestEntry testId="3f43c904-aa29-9c6c-e659-5a7c08592202" executionId="b58bebef-af0e-4d2b-9682-278995429158" testListId="8c84fa94-04c1-424b-9868-57a2d4851a1d" />
    <TestEntry testId="79f1ffd3-6454-fadb-42ed-47e3b37f87ec" executionId="08bf0b42-52bd-4fb9-9e9b-1031484ae159" testListId="8c84fa94-04c1-424b-9868-57a2d4851a1d" />
    <TestEntry testId="8e11be20-dcc8-b441-0e20-33077a5da162" executionId="9a7d4854-af19-47c4-baa8-992c41446622" testListId="8c84fa94-04c1-424b-9868-57a2d4851a1d" />
    <TestEntry testId="94df77a2-9782-7d32-6127-43a97a76246e" executionId="96ba0556-344f-4a01-8f71-69e7195e0bcf" testListId="8c84fa94-04c1-424b-9868-57a2d4851a1d" />
    <TestEntry testId="a326f777-49b1-c27d-14ef-d9db5992cda0" executionId="188cb845-8b14-46ab-b1b1-898d00f81fec" testListId="8c84fa94-04c1-424b-9868-57a2d4851a1d" />
    <TestEntry testId="bb01bdb4-8334-c16a-f8c2-ae73eedf59ac" executionId="4c6b82c5-70c8-4633-96bf-eb1d9ffa42c1" testListId="8c84fa94-04c1-424b-9868-57a2d4851a1d" />
    <TestEntry testId="e70d4088-3756-d06d-0435-266d8121c377" executionId="0bc04a9e-ef47-4914-a69b-c466b2344223" testListId="8c84fa94-04c1-424b-9868-57a2d4851a1d" />
    <TestEntry testId="f26afacb-9289-ac6c-38a7-7645a59c772b" executionId="930d961b-0f16-46a8-9403-785453d1c5a8" testListId="8c84fa94-04c1-424b-9868-57a2d4851a1d" />
    <TestEntry testId="f9ab5fc8-03a3-f296-790c-13d47ef8153f" executionId="786c49b3-3db4-4e06-b255-ab2e6b315565" testListId="8c84fa94-04c1-424b-9868-57a2d4851a1d" />
    <TestEntry testId="ffa14a88-2b0f-087b-2a81-cf125abdf1e1" executionId="a1738b82-11b6-4ae7-b570-5d9045318036" testListId="8c84fa94-04c1-424b-9868-57a2d4851a1d" />
  </TestEntries>
  <Results>
    <UnitTestResult executionId="17dfd8b9-3711-4998-823d-feaacbafbe4a" testId="0245c92a-89ea-c8dd-19f2-548a9ed0c8f6" testName="ShowInterestFail" computerName="RAGHUGDDSK8R" duration="00:00:00.0144614" startTime="2012-04-27T17:38:03.2217317-07:00" endTime="2012-04-27T17:38:03.4477317-07:00" testType="13cdc9d9-ddb5-4fa4-a97d-d965ccfc6d4b" outcome="Passed" testListId="8c84fa94-04c1-424b-9868-57a2d4851a1d" relativeResultsDirectory="17dfd8b9-3711-4998-823d-feaacbafbe4a">
    </UnitTestResult>
    <UnitTestResult executionId="6f642650-dc3a-47b8-8d18-91cd30606952" testId="11ef5593-333e-be35-d461-00effd8ef353" testName="CheckoutCreateDB" computerName="RAGHUGDDSK8R" duration="00:00:00.0597219" startTime="2012-04-27T17:38:03.4567317-07:00" endTime="2012-04-27T17:38:03.5317317-07:00" testType="13cdc9d9-ddb5-4fa4-a97d-d965ccfc6d4b" outcome="Passed" testListId="8c84fa94-04c1-424b-9868-57a2d4851a1d" relativeResultsDirectory="6f642650-dc3a-47b8-8d18-91cd30606952">
    </UnitTestResult>
    <UnitTestResult executionId="9107a538-513f-4d6e-ab04-908374cae438" testId="12fac4e0-69ff-0457-3c20-7fc9b8977a24" testName="UserLoginCreateDB" computerName="RAGHUGDDSK8R" duration="00:00:00.0007822" startTime="2012-04-27T17:38:03.5457317-07:00" endTime="2012-04-27T17:38:03.5517317-07:00" testType="13cdc9d9-ddb5-4fa4-a97d-d965ccfc6d4b" outcome="Passed" testListId="8c84fa94-04c1-424b-9868-57a2d4851a1d" relativeResultsDirectory="9107a538-513f-4d6e-ab04-908374cae438">
    </UnitTestResult>
    <UnitTestResult executionId="b4c7e0fe-7561-4bbc-b8d8-76cf238b2c71" testId="18056dad-9179-f403-55c3-5e1268fa1b27" testName="RevertInterestFail" computerName="RAGHUGDDSK8R" duration="00:00:00.0039916" startTime="2012-04-27T17:38:03.5577317-07:00" endTime="2012-04-27T17:38:03.5667317-07:00" testType="13cdc9d9-ddb5-4fa4-a97d-d965ccfc6d4b" outcome="Passed" testListId="8c84fa94-04c1-424b-9868-57a2d4851a1d" relativeResultsDirectory="b4c7e0fe-7561-4bbc-b8d8-76cf238b2c71">
    </UnitTestResult>
    <UnitTestResult executionId="1fffd362-b7bf-4846-8c7e-044a281ec8d5" testId="27efbd9f-8ccb-47bc-3631-9e1f574da0ed" testName="BusinessGetWithMock" computerName="RAGHUGDDSK8R" duration="00:00:00.2253820" startTime="2012-04-27T17:38:03.5717317-07:00" endTime="2012-04-27T17:38:03.8047317-07:00" testType="13cdc9d9-ddb5-4fa4-a97d-d965ccfc6d4b" outcome="Passed" testListId="8c84fa94-04c1-424b-9868-57a2d4851a1d" relativeResultsDirectory="1fffd362-b7bf-4846-8c7e-044a281ec8d5">
    </UnitTestResult>
    <UnitTestResult executionId="faca2149-f659-480b-90ab-6ed163a03cf6" testId="3eb1e12c-9c03-8f26-5c42-7f1f24c9bbfc" testName="ShowInterest" computerName="RAGHUGDDSK8R" duration="00:00:00.0005277" startTime="2012-04-27T17:38:03.8087317-07:00" endTime="2012-04-27T17:38:03.8167317-07:00" testType="13cdc9d9-ddb5-4fa4-a97d-d965ccfc6d4b" outcome="Passed" testListId="8c84fa94-04c1-424b-9868-57a2d4851a1d" relativeResultsDirectory="faca2149-f659-480b-90ab-6ed163a03cf6">
    </UnitTestResult>
    <UnitTestResult executionId="b58bebef-af0e-4d2b-9682-278995429158" testId="3f43c904-aa29-9c6c-e659-5a7c08592202" testName="CheckinCreateDB" computerName="RAGHUGDDSK8R" duration="00:00:00.0020530" startTime="2012-04-27T17:38:03.8207317-07:00" endTime="2012-04-27T17:38:03.8277317-07:00" testType="13cdc9d9-ddb5-4fa4-a97d-d965ccfc6d4b" outcome="Passed" testListId="8c84fa94-04c1-424b-9868-57a2d4851a1d" relativeResultsDirectory="b58bebef-af0e-4d2b-9682-278995429158">
    </UnitTestResult>
    <UnitTestResult executionId="08bf0b42-52bd-4fb9-9e9b-1031484ae159" testId="79f1ffd3-6454-fadb-42ed-47e3b37f87ec" testName="CheckinCreate" computerName="RAGHUGDDSK8R" duration="00:00:00.0003218" startTime="2012-04-27T17:38:03.8317317-07:00" endTime="2012-04-27T17:38:03.8377317-07:00" testType="13cdc9d9-ddb5-4fa4-a97d-d965ccfc6d4b" outcome="Passed" testListId="8c84fa94-04c1-424b-9868-57a2d4851a1d" relativeResultsDirectory="08bf0b42-52bd-4fb9-9e9b-1031484ae159">
    </UnitTestResult>
    <UnitTestResult executionId="9a7d4854-af19-47c4-baa8-992c41446622" testId="8e11be20-dcc8-b441-0e20-33077a5da162" testName="RevertInterest" computerName="RAGHUGDDSK8R" duration="00:00:00.0002667" startTime="2012-04-27T17:38:03.8417317-07:00" endTime="2012-04-27T17:38:03.8467317-07:00" testType="13cdc9d9-ddb5-4fa4-a97d-d965ccfc6d4b" outcome="Passed" testListId="8c84fa94-04c1-424b-9868-57a2d4851a1d" relativeResultsDirectory="9a7d4854-af19-47c4-baa8-992c41446622">
    </UnitTestResult>
    <UnitTestResult executionId="96ba0556-344f-4a01-8f71-69e7195e0bcf" testId="94df77a2-9782-7d32-6127-43a97a76246e" testName="VisibleProfilesByBusinessGet" computerName="RAGHUGDDSK8R" duration="00:00:00.0031324" startTime="2012-04-27T17:38:03.8507317-07:00" endTime="2012-04-27T17:38:03.8597317-07:00" testType="13cdc9d9-ddb5-4fa4-a97d-d965ccfc6d4b" outcome="Passed" testListId="8c84fa94-04c1-424b-9868-57a2d4851a1d" relativeResultsDirectory="96ba0556-344f-4a01-8f71-69e7195e0bcf">
    </UnitTestResult>
    <UnitTestResult executionId="188cb845-8b14-46ab-b1b1-898d00f81fec" testId="a326f777-49b1-c27d-14ef-d9db5992cda0" testName="BusinessGetWithDB" computerName="RAGHUGDDSK8R" duration="00:00:30.5687150" startTime="2012-04-27T17:38:03.8637317-07:00" endTime="2012-04-27T17:38:34.4367317-07:00" testType="13cdc9d9-ddb5-4fa4-a97d-d965ccfc6d4b" outcome="Passed" testListId="8c84fa94-04c1-424b-9868-57a2d4851a1d" relativeResultsDirectory="188cb845-8b14-46ab-b1b1-898d00f81fec">
    </UnitTestResult>
    <UnitTestResult executionId="4c6b82c5-70c8-4633-96bf-eb1d9ffa42c1" testId="bb01bdb4-8334-c16a-f8c2-ae73eedf59ac" testName="Hangup" computerName="RAGHUGDDSK8R" duration="00:00:00.0003125" startTime="2012-04-27T17:38:34.4467317-07:00" endTime="2012-04-27T17:38:34.4537317-07:00" testType="13cdc9d9-ddb5-4fa4-a97d-d965ccfc6d4b" outcome="Passed" testListId="8c84fa94-04c1-424b-9868-57a2d4851a1d" relativeResultsDirectory="4c6b82c5-70c8-4633-96bf-eb1d9ffa42c1">
    </UnitTestResult>
    <UnitTestResult executionId="0bc04a9e-ef47-4914-a69b-c466b2344223" testId="e70d4088-3756-d06d-0435-266d8121c377" testName="HangupFail" computerName="RAGHUGDDSK8R" duration="00:00:00.0003072" startTime="2012-04-27T17:38:34.4597317-07:00" endTime="2012-04-27T17:38:34.4677317-07:00" testType="13cdc9d9-ddb5-4fa4-a97d-d965ccfc6d4b" outcome="Passed" testListId="8c84fa94-04c1-424b-9868-57a2d4851a1d" relativeResultsDirectory="0bc04a9e-ef47-4914-a69b-c466b2344223">
    </UnitTestResult>
    <UnitTestResult executionId="930d961b-0f16-46a8-9403-785453d1c5a8" testId="f26afacb-9289-ac6c-38a7-7645a59c772b" testName="CheckoutCreate" computerName="RAGHUGDDSK8R" duration="00:00:00.0003233" startTime="2012-04-27T17:38:34.4717317-07:00" endTime="2012-04-27T17:38:34.4787317-07:00" testType="13cdc9d9-ddb5-4fa4-a97d-d965ccfc6d4b" outcome="Passed" testListId="8c84fa94-04c1-424b-9868-57a2d4851a1d" relativeResultsDirectory="930d961b-0f16-46a8-9403-785453d1c5a8">
    </UnitTestResult>
    <UnitTestResult executionId="786c49b3-3db4-4e06-b255-ab2e6b315565" testId="f9ab5fc8-03a3-f296-790c-13d47ef8153f" testName="UserInfoCreateDB" computerName="RAGHUGDDSK8R" duration="00:00:00.0059122" startTime="2012-04-27T17:38:34.4827317-07:00" endTime="2012-04-27T17:38:34.4947317-07:00" testType="13cdc9d9-ddb5-4fa4-a97d-d965ccfc6d4b" outcome="Passed" testListId="8c84fa94-04c1-424b-9868-57a2d4851a1d" relativeResultsDirectory="786c49b3-3db4-4e06-b255-ab2e6b315565">
    </UnitTestResult>
    <UnitTestResult executionId="a1738b82-11b6-4ae7-b570-5d9045318036" testId="ffa14a88-2b0f-087b-2a81-cf125abdf1e1" testName="UserInfoFemaleCreateDB" computerName="RAGHUGDDSK8R" duration="00:00:00.0023174" startTime="2012-04-27T17:38:34.4987317-07:00" endTime="2012-04-27T17:38:34.5067317-07:00" testType="13cdc9d9-ddb5-4fa4-a97d-d965ccfc6d4b" outcome="Passed" testListId="8c84fa94-04c1-424b-9868-57a2d4851a1d" relativeResultsDirectory="a1738b82-11b6-4ae7-b570-5d9045318036">
    </UnitTestResult>
  </Results>
</TestRun>